pá 18. května 2012 19:21:57 CEST
